  Determining projects to restore...
  All projects are up-to-date for restore.
G:\Me Not\Kuliah\Semester 6\JAI\mtc-app\mtc-app\mtc-app\features\machine_history\presentation\screens\MachineHistoryFormOperator.cs(14,7): warning CS0105: The using directive for 'mtc_app.shared.infrastructure' appeared previously in this namespace [G:\Me Not\Kuliah\Semester 6\JAI\mtc-app\mtc-app\mtc-app\mtc-app.csproj]
G:\Me Not\Kuliah\Semester 6\JAI\mtc-app\mtc-app\mtc-app\features\group_leader\data\decorators\OfflineGroupLeaderRepository.cs(134,22): warning CS0114: 'OfflineGroupLeaderRepository.IsNetworkException(Exception)' hides inherited member 'OfflineAwareRepositoryBase.IsNetworkException(Exception)'. To make the current member override that implementation, add the override keyword. Otherwise add the new keyword. [G:\Me Not\Kuliah\Semester 6\JAI\mtc-app\mtc-app\mtc-app\mtc-app.csproj]
G:\Me Not\Kuliah\Semester 6\JAI\mtc-app\mtc-app\mtc-app\shared\presentation\components\AppBaseForm.cs(21,29): warning CS0414: The field 'AppBaseForm._servicesInitialized' is assigned but its value is never used [G:\Me Not\Kuliah\Semester 6\JAI\mtc-app\mtc-app\mtc-app\mtc-app.csproj]
C:\Program Files\dotnet\sdk\10.0.102\Microsoft.Common.CurrentVersion.targets(4903,5): warning MSB3026: Could not copy "obj\Debug\net48\mtc-app.exe" to "bin\Debug\net48\mtc-app.exe". Beginning retry 1 in 1000ms. The process cannot access the file 'G:\Me Not\Kuliah\Semester 6\JAI\mtc-app\mtc-app\mtc-app\bin\Debug\net48\mtc-app.exe' because it is being used by another process. The file is locked by: "Microsoft Visual Studio Insiders (23848), mtc-app (39284)" [G:\Me Not\Kuliah\Semester 6\JAI\mtc-app\mtc-app\mtc-app\mtc-app.csproj]
C:\Program Files\dotnet\sdk\10.0.102\Microsoft.Common.CurrentVersion.targets(4903,5): warning MSB3026: Could not copy "obj\Debug\net48\mtc-app.exe" to "bin\Debug\net48\mtc-app.exe". Beginning retry 2 in 1000ms. The process cannot access the file 'G:\Me Not\Kuliah\Semester 6\JAI\mtc-app\mtc-app\mtc-app\bin\Debug\net48\mtc-app.exe' because it is being used by another process. The file is locked by: "Microsoft Visual Studio Insiders (23848), mtc-app (39284)" [G:\Me Not\Kuliah\Semester 6\JAI\mtc-app\mtc-app\mtc-app\mtc-app.csproj]
C:\Program Files\dotnet\sdk\10.0.102\Microsoft.Common.CurrentVersion.targets(4903,5): warning MSB3026: Could not copy "obj\Debug\net48\mtc-app.exe" to "bin\Debug\net48\mtc-app.exe". Beginning retry 3 in 1000ms. The process cannot access the file 'G:\Me Not\Kuliah\Semester 6\JAI\mtc-app\mtc-app\mtc-app\bin\Debug\net48\mtc-app.exe' because it is being used by another process. The file is locked by: "Microsoft Visual Studio Insiders (23848), mtc-app (39284)" [G:\Me Not\Kuliah\Semester 6\JAI\mtc-app\mtc-app\mtc-app\mtc-app.csproj]
C:\Program Files\dotnet\sdk\10.0.102\Microsoft.Common.CurrentVersion.targets(4903,5): warning MSB3026: Could not copy "obj\Debug\net48\mtc-app.exe" to "bin\Debug\net48\mtc-app.exe". Beginning retry 4 in 1000ms. The process cannot access the file 'G:\Me Not\Kuliah\Semester 6\JAI\mtc-app\mtc-app\mtc-app\bin\Debug\net48\mtc-app.exe' because it is being used by another process. The file is locked by: "Microsoft Visual Studio Insiders (23848), mtc-app (39284)" [G:\Me Not\Kuliah\Semester 6\JAI\mtc-app\mtc-app\mtc-app\mtc-app.csproj]
C:\Program Files\dotnet\sdk\10.0.102\Microsoft.Common.CurrentVersion.targets(4903,5): warning MSB3026: Could not copy "obj\Debug\net48\mtc-app.exe" to "bin\Debug\net48\mtc-app.exe". Beginning retry 5 in 1000ms. The process cannot access the file 'G:\Me Not\Kuliah\Semester 6\JAI\mtc-app\mtc-app\mtc-app\bin\Debug\net48\mtc-app.exe' because it is being used by another process. The file is locked by: "Microsoft Visual Studio Insiders (23848), mtc-app (39284)" [G:\Me Not\Kuliah\Semester 6\JAI\mtc-app\mtc-app\mtc-app\mtc-app.csproj]
C:\Program Files\dotnet\sdk\10.0.102\Microsoft.Common.CurrentVersion.targets(4903,5): warning MSB3026: Could not copy "obj\Debug\net48\mtc-app.exe" to "bin\Debug\net48\mtc-app.exe". Beginning retry 6 in 1000ms. The process cannot access the file 'G:\Me Not\Kuliah\Semester 6\JAI\mtc-app\mtc-app\mtc-app\bin\Debug\net48\mtc-app.exe' because it is being used by another process. The file is locked by: "Microsoft Visual Studio Insiders (23848), mtc-app (39284)" [G:\Me Not\Kuliah\Semester 6\JAI\mtc-app\mtc-app\mtc-app\mtc-app.csproj]
C:\Program Files\dotnet\sdk\10.0.102\Microsoft.Common.CurrentVersion.targets(4903,5): warning MSB3026: Could not copy "obj\Debug\net48\mtc-app.exe" to "bin\Debug\net48\mtc-app.exe". Beginning retry 7 in 1000ms. The process cannot access the file 'G:\Me Not\Kuliah\Semester 6\JAI\mtc-app\mtc-app\mtc-app\bin\Debug\net48\mtc-app.exe' because it is being used by another process. The file is locked by: "Microsoft Visual Studio Insiders (23848), mtc-app (39284)" [G:\Me Not\Kuliah\Semester 6\JAI\mtc-app\mtc-app\mtc-app\mtc-app.csproj]
C:\Program Files\dotnet\sdk\10.0.102\Microsoft.Common.CurrentVersion.targets(4903,5): warning MSB3026: Could not copy "obj\Debug\net48\mtc-app.exe" to "bin\Debug\net48\mtc-app.exe". Beginning retry 8 in 1000ms. The process cannot access the file 'G:\Me Not\Kuliah\Semester 6\JAI\mtc-app\mtc-app\mtc-app\bin\Debug\net48\mtc-app.exe' because it is being used by another process. The file is locked by: "Microsoft Visual Studio Insiders (23848), mtc-app (39284)" [G:\Me Not\Kuliah\Semester 6\JAI\mtc-app\mtc-app\mtc-app\mtc-app.csproj]
C:\Program Files\dotnet\sdk\10.0.102\Microsoft.Common.CurrentVersion.targets(4903,5): warning MSB3026: Could not copy "obj\Debug\net48\mtc-app.exe" to "bin\Debug\net48\mtc-app.exe". Beginning retry 9 in 1000ms. The process cannot access the file 'G:\Me Not\Kuliah\Semester 6\JAI\mtc-app\mtc-app\mtc-app\bin\Debug\net48\mtc-app.exe' because it is being used by another process. The file is locked by: "Microsoft Visual Studio Insiders (23848), mtc-app (39284)" [G:\Me Not\Kuliah\Semester 6\JAI\mtc-app\mtc-app\mtc-app\mtc-app.csproj]
C:\Program Files\dotnet\sdk\10.0.102\Microsoft.Common.CurrentVersion.targets(4903,5): warning MSB3026: Could not copy "obj\Debug\net48\mtc-app.exe" to "bin\Debug\net48\mtc-app.exe". Beginning retry 10 in 1000ms. The process cannot access the file 'G:\Me Not\Kuliah\Semester 6\JAI\mtc-app\mtc-app\mtc-app\bin\Debug\net48\mtc-app.exe' because it is being used by another process. The file is locked by: "Microsoft Visual Studio Insiders (23848), mtc-app (39284)" [G:\Me Not\Kuliah\Semester 6\JAI\mtc-app\mtc-app\mtc-app\mtc-app.csproj]
C:\Program Files\dotnet\sdk\10.0.102\Microsoft.Common.CurrentVersion.targets(4903,5): error MSB3027: Could not copy "obj\Debug\net48\mtc-app.exe" to "bin\Debug\net48\mtc-app.exe". Exceeded retry count of 10. Failed. The file is locked by: "Microsoft Visual Studio Insiders (23848), mtc-app (39284)" [G:\Me Not\Kuliah\Semester 6\JAI\mtc-app\mtc-app\mtc-app\mtc-app.csproj]
C:\Program Files\dotnet\sdk\10.0.102\Microsoft.Common.CurrentVersion.targets(4903,5): error MSB3021: Unable to copy file "obj\Debug\net48\mtc-app.exe" to "bin\Debug\net48\mtc-app.exe". The process cannot access the file 'G:\Me Not\Kuliah\Semester 6\JAI\mtc-app\mtc-app\mtc-app\bin\Debug\net48\mtc-app.exe' because it is being used by another process. [G:\Me Not\Kuliah\Semester 6\JAI\mtc-app\mtc-app\mtc-app\mtc-app.csproj]

Build FAILED.

G:\Me Not\Kuliah\Semester 6\JAI\mtc-app\mtc-app\mtc-app\features\machine_history\presentation\screens\MachineHistoryFormOperator.cs(14,7): warning CS0105: The using directive for 'mtc_app.shared.infrastructure' appeared previously in this namespace [G:\Me Not\Kuliah\Semester 6\JAI\mtc-app\mtc-app\mtc-app\mtc-app.csproj]
G:\Me Not\Kuliah\Semester 6\JAI\mtc-app\mtc-app\mtc-app\features\group_leader\data\decorators\OfflineGroupLeaderRepository.cs(134,22): warning CS0114: 'OfflineGroupLeaderRepository.IsNetworkException(Exception)' hides inherited member 'OfflineAwareRepositoryBase.IsNetworkException(Exception)'. To make the current member override that implementation, add the override keyword. Otherwise add the new keyword. [G:\Me Not\Kuliah\Semester 6\JAI\mtc-app\mtc-app\mtc-app\mtc-app.csproj]
G:\Me Not\Kuliah\Semester 6\JAI\mtc-app\mtc-app\mtc-app\shared\presentation\components\AppBaseForm.cs(21,29): warning CS0414: The field 'AppBaseForm._servicesInitialized' is assigned but its value is never used [G:\Me Not\Kuliah\Semester 6\JAI\mtc-app\mtc-app\mtc-app\mtc-app.csproj]
C:\Program Files\dotnet\sdk\10.0.102\Microsoft.Common.CurrentVersion.targets(4903,5): warning MSB3026: Could not copy "obj\Debug\net48\mtc-app.exe" to "bin\Debug\net48\mtc-app.exe". Beginning retry 1 in 1000ms. The process cannot access the file 'G:\Me Not\Kuliah\Semester 6\JAI\mtc-app\mtc-app\mtc-app\bin\Debug\net48\mtc-app.exe' because it is being used by another process. The file is locked by: "Microsoft Visual Studio Insiders (23848), mtc-app (39284)" [G:\Me Not\Kuliah\Semester 6\JAI\mtc-app\mtc-app\mtc-app\mtc-app.csproj]
C:\Program Files\dotnet\sdk\10.0.102\Microsoft.Common.CurrentVersion.targets(4903,5): warning MSB3026: Could not copy "obj\Debug\net48\mtc-app.exe" to "bin\Debug\net48\mtc-app.exe". Beginning retry 2 in 1000ms. The process cannot access the file 'G:\Me Not\Kuliah\Semester 6\JAI\mtc-app\mtc-app\mtc-app\bin\Debug\net48\mtc-app.exe' because it is being used by another process. The file is locked by: "Microsoft Visual Studio Insiders (23848), mtc-app (39284)" [G:\Me Not\Kuliah\Semester 6\JAI\mtc-app\mtc-app\mtc-app\mtc-app.csproj]
C:\Program Files\dotnet\sdk\10.0.102\Microsoft.Common.CurrentVersion.targets(4903,5): warning MSB3026: Could not copy "obj\Debug\net48\mtc-app.exe" to "bin\Debug\net48\mtc-app.exe". Beginning retry 3 in 1000ms. The process cannot access the file 'G:\Me Not\Kuliah\Semester 6\JAI\mtc-app\mtc-app\mtc-app\bin\Debug\net48\mtc-app.exe' because it is being used by another process. The file is locked by: "Microsoft Visual Studio Insiders (23848), mtc-app (39284)" [G:\Me Not\Kuliah\Semester 6\JAI\mtc-app\mtc-app\mtc-app\mtc-app.csproj]
C:\Program Files\dotnet\sdk\10.0.102\Microsoft.Common.CurrentVersion.targets(4903,5): warning MSB3026: Could not copy "obj\Debug\net48\mtc-app.exe" to "bin\Debug\net48\mtc-app.exe". Beginning retry 4 in 1000ms. The process cannot access the file 'G:\Me Not\Kuliah\Semester 6\JAI\mtc-app\mtc-app\mtc-app\bin\Debug\net48\mtc-app.exe' because it is being used by another process. The file is locked by: "Microsoft Visual Studio Insiders (23848), mtc-app (39284)" [G:\Me Not\Kuliah\Semester 6\JAI\mtc-app\mtc-app\mtc-app\mtc-app.csproj]
C:\Program Files\dotnet\sdk\10.0.102\Microsoft.Common.CurrentVersion.targets(4903,5): warning MSB3026: Could not copy "obj\Debug\net48\mtc-app.exe" to "bin\Debug\net48\mtc-app.exe". Beginning retry 5 in 1000ms. The process cannot access the file 'G:\Me Not\Kuliah\Semester 6\JAI\mtc-app\mtc-app\mtc-app\bin\Debug\net48\mtc-app.exe' because it is being used by another process. The file is locked by: "Microsoft Visual Studio Insiders (23848), mtc-app (39284)" [G:\Me Not\Kuliah\Semester 6\JAI\mtc-app\mtc-app\mtc-app\mtc-app.csproj]
C:\Program Files\dotnet\sdk\10.0.102\Microsoft.Common.CurrentVersion.targets(4903,5): warning MSB3026: Could not copy "obj\Debug\net48\mtc-app.exe" to "bin\Debug\net48\mtc-app.exe". Beginning retry 6 in 1000ms. The process cannot access the file 'G:\Me Not\Kuliah\Semester 6\JAI\mtc-app\mtc-app\mtc-app\bin\Debug\net48\mtc-app.exe' because it is being used by another process. The file is locked by: "Microsoft Visual Studio Insiders (23848), mtc-app (39284)" [G:\Me Not\Kuliah\Semester 6\JAI\mtc-app\mtc-app\mtc-app\mtc-app.csproj]
C:\Program Files\dotnet\sdk\10.0.102\Microsoft.Common.CurrentVersion.targets(4903,5): warning MSB3026: Could not copy "obj\Debug\net48\mtc-app.exe" to "bin\Debug\net48\mtc-app.exe". Beginning retry 7 in 1000ms. The process cannot access the file 'G:\Me Not\Kuliah\Semester 6\JAI\mtc-app\mtc-app\mtc-app\bin\Debug\net48\mtc-app.exe' because it is being used by another process. The file is locked by: "Microsoft Visual Studio Insiders (23848), mtc-app (39284)" [G:\Me Not\Kuliah\Semester 6\JAI\mtc-app\mtc-app\mtc-app\mtc-app.csproj]
C:\Program Files\dotnet\sdk\10.0.102\Microsoft.Common.CurrentVersion.targets(4903,5): warning MSB3026: Could not copy "obj\Debug\net48\mtc-app.exe" to "bin\Debug\net48\mtc-app.exe". Beginning retry 8 in 1000ms. The process cannot access the file 'G:\Me Not\Kuliah\Semester 6\JAI\mtc-app\mtc-app\mtc-app\bin\Debug\net48\mtc-app.exe' because it is being used by another process. The file is locked by: "Microsoft Visual Studio Insiders (23848), mtc-app (39284)" [G:\Me Not\Kuliah\Semester 6\JAI\mtc-app\mtc-app\mtc-app\mtc-app.csproj]
C:\Program Files\dotnet\sdk\10.0.102\Microsoft.Common.CurrentVersion.targets(4903,5): warning MSB3026: Could not copy "obj\Debug\net48\mtc-app.exe" to "bin\Debug\net48\mtc-app.exe". Beginning retry 9 in 1000ms. The process cannot access the file 'G:\Me Not\Kuliah\Semester 6\JAI\mtc-app\mtc-app\mtc-app\bin\Debug\net48\mtc-app.exe' because it is being used by another process. The file is locked by: "Microsoft Visual Studio Insiders (23848), mtc-app (39284)" [G:\Me Not\Kuliah\Semester 6\JAI\mtc-app\mtc-app\mtc-app\mtc-app.csproj]
C:\Program Files\dotnet\sdk\10.0.102\Microsoft.Common.CurrentVersion.targets(4903,5): warning MSB3026: Could not copy "obj\Debug\net48\mtc-app.exe" to "bin\Debug\net48\mtc-app.exe". Beginning retry 10 in 1000ms. The process cannot access the file 'G:\Me Not\Kuliah\Semester 6\JAI\mtc-app\mtc-app\mtc-app\bin\Debug\net48\mtc-app.exe' because it is being used by another process. The file is locked by: "Microsoft Visual Studio Insiders (23848), mtc-app (39284)" [G:\Me Not\Kuliah\Semester 6\JAI\mtc-app\mtc-app\mtc-app\mtc-app.csproj]
C:\Program Files\dotnet\sdk\10.0.102\Microsoft.Common.CurrentVersion.targets(4903,5): error MSB3027: Could not copy "obj\Debug\net48\mtc-app.exe" to "bin\Debug\net48\mtc-app.exe". Exceeded retry count of 10. Failed. The file is locked by: "Microsoft Visual Studio Insiders (23848), mtc-app (39284)" [G:\Me Not\Kuliah\Semester 6\JAI\mtc-app\mtc-app\mtc-app\mtc-app.csproj]
C:\Program Files\dotnet\sdk\10.0.102\Microsoft.Common.CurrentVersion.targets(4903,5): error MSB3021: Unable to copy file "obj\Debug\net48\mtc-app.exe" to "bin\Debug\net48\mtc-app.exe". The process cannot access the file 'G:\Me Not\Kuliah\Semester 6\JAI\mtc-app\mtc-app\mtc-app\bin\Debug\net48\mtc-app.exe' because it is being used by another process. [G:\Me Not\Kuliah\Semester 6\JAI\mtc-app\mtc-app\mtc-app\mtc-app.csproj]
    13 Warning(s)
    2 Error(s)

Time Elapsed 00:00:22.79
